#!/usr/bin/env bash
# Comprehensive tests for the log script
# Tests all log functions: levels, output, live logging, clear, capture

#export PS4='\e[90m+${LINENO} in ${#BASH_SOURCE[@]}>${FUNCNAME[0]}:${BASH_SOURCE[@]##*/} \e[0m'
#set -x
TEST_CATEGORY=core

level=$1
if [ -z "$level" ]; then
  level=1
else
  shift
fi
echo "starting: ${BASH_SOURCE[@]##*/} <LOG_LEVEL=$level>"

source this
source test.suite

# T31 drives `log level 7`, which calls `config.save log LOG` and rewrites
# $CONFIG_PATH/log.env — the site-wide sharedConfig every user sources at
# login. Isolate before sourcing log, so the snapshot/restore dance below
# operates on a fixture instead of mitigating damage to the real tier.
test.suite.config.isolate test.log >/dev/null || exit 1

source $OOSH_DIR/log

log.level $level

# Test temp files
TEST_LOG_DEVICE="/tmp/test.log.device.$$"
TEST_LOG_LIVE="/tmp/test.log.live.$$"
ORIGINAL_LOG_LEVEL=$LOG_LEVEL
ORIGINAL_LOG_DEVICE=$LOG_DEVICE
ORIGINAL_LOG_LIVE=$LOG_LIVE
ORIGINAL_STEP_DEBUG=$STEP_DEBUG
ORIGINAL_LOG_ENV=$(cat "$CONFIG_PATH/log.env" 2>/dev/null)
ORIGINAL_LOG_NAME=$LOG_NAME
# Per-user/session file the log.session.* tests write to (real file — snapshot it)
SESSION_ENV="$HOME/.config/oosh/log.session.env"
ORIGINAL_SESSION_ENV=$(cat "$SESSION_ENV" 2>/dev/null)

# Disable STEP_DEBUG to prevent test blocking
export STEP_DEBUG=OFF

# Cleanup function
cleanup.testFiles() {
  rm -f "$TEST_LOG_DEVICE" 2>/dev/null
  rm -f "$TEST_LOG_LIVE" 2>/dev/null
  export LOG_LEVEL=$ORIGINAL_LOG_LEVEL
  export LOG_DEVICE=$ORIGINAL_LOG_DEVICE
  export LOG_LIVE=$ORIGINAL_LOG_LIVE
  export STEP_DEBUG=$ORIGINAL_STEP_DEBUG
  export LOG_NAME=$ORIGINAL_LOG_NAME
  # Restore persisted config (tests call config save which pollutes log.env)
  if [ -n "$ORIGINAL_LOG_ENV" ]; then
    echo "$ORIGINAL_LOG_ENV" > "$CONFIG_PATH/log.env"
  fi
  # Restore the per-user/session file (log.session.* tests rewrite it)
  if [ -n "$ORIGINAL_SESSION_ENV" ]; then
    echo "$ORIGINAL_SESSION_ENV" > "$SESSION_ENV"
  fi
}

# Cleanup before tests
cleanup.testFiles
touch "$TEST_LOG_DEVICE"
touch "$TEST_LOG_LIVE"

# ============================================================================
# T1: Test log.level sets LOG_LEVEL
# ============================================================================
test.case - "T1: log.level sets LOG_LEVEL" \
  log.level 5

if [ "$LOG_LEVEL" = "5" ]; then
  create.result 0 "LOG_LEVEL=5"
else
  create.result 1 "LOG_LEVEL=$LOG_LEVEL, expected 5"
fi
expect 0 "LOG_LEVEL=5" "log.level sets LOG_LEVEL correctly"

# ============================================================================
# T2: Test log.level without args returns current level
# ============================================================================
export LOG_LEVEL=3
test.case - "T2: log.level without args shows current level" \
  echo "testing"

OUTPUT=$(log.level 2>/dev/null | grep "LOG_LEVEL")
if echo "$OUTPUT" | grep -q "LOG_LEVEL=3"; then
  create.result 0 "Shows LOG_LEVEL=3"
else
  create.result 1 "Output: $OUTPUT"
fi
expect 0 "Shows LOG_LEVEL=3" "log.level shows current level"

# ============================================================================
# T3: Test log.device sets LOG_DEVICE
# ============================================================================
test.case - "T3: log.device sets LOG_DEVICE" \
  log.device "$TEST_LOG_DEVICE"

if [ "$LOG_DEVICE" = "$TEST_LOG_DEVICE" ]; then
  create.result 0 "LOG_DEVICE set"
else
  create.result 1 "LOG_DEVICE=$LOG_DEVICE"
fi
expect 0 "LOG_DEVICE set" "log.device sets LOG_DEVICE correctly"

# ============================================================================
# T4: Test console.log outputs at level > 2
# ============================================================================
export LOG_LEVEL=3
export LOG_DEVICE="$TEST_LOG_DEVICE"
> "$TEST_LOG_DEVICE"  # Clear file

test.case - "T4: console.log outputs at level 3" \
  console.log "test message console"

if grep -q "test message console" "$TEST_LOG_DEVICE"; then
  create.result 0 "Message logged"
else
  create.result 1 "Message not found in $TEST_LOG_DEVICE"
fi
expect 0 "Message logged" "console.log outputs at level > 2"

# ============================================================================
# T5: Test console.log silent at level <= 2
# ============================================================================
export LOG_LEVEL=2
> "$TEST_LOG_DEVICE"

test.case - "T5: console.log silent at level 2" \
  console.log "should not appear"

if grep -q "should not appear" "$TEST_LOG_DEVICE"; then
  create.result 1 "Message appeared when it shouldn't"
else
  create.result 0 "Correctly silent"
fi
expect 0 "Correctly silent" "console.log silent at level <= 2"

# ============================================================================
# T6: Test error.log outputs at level > 0
# ============================================================================
export LOG_LEVEL=1
> "$TEST_LOG_DEVICE"

test.case - "T6: error.log outputs at level 1" \
  error.log "test error message"

if grep -q "ERROR" "$TEST_LOG_DEVICE"; then
  create.result 0 "Error logged"
else
  create.result 1 "Error not found"
fi
expect 0 "Error logged" "error.log outputs at level > 0"

# ============================================================================
# T7: Test warn.log outputs at level > 1
# ============================================================================
export LOG_LEVEL=2
> "$TEST_LOG_DEVICE"

test.case - "T7: warn.log outputs at level 2" \
  warn.log "test warning message"

# warn.log writes through private.log.emit like every other level — to
# LOG_DEVICE (a file here), never stdout (T-LOG-EMIT). It used to be the one
# level that printed to stdout, straight into any $() capture.
warn.log "test warning"
if grep -q "WARNING> test warning" "$TEST_LOG_DEVICE"; then
  create.result 0 "Warning logged"
else
  create.result 1 "Warning not found in $TEST_LOG_DEVICE"
fi
expect 0 "Warning logged" "warn.log outputs at level > 1"

# ============================================================================
# T8: Test important.log outputs at level > 1
# ============================================================================
export LOG_LEVEL=2
> "$TEST_LOG_DEVICE"

test.case - "T8: important.log outputs at level 2" \
  important.log "test important message"

if grep -q "IMPORTANT" "$TEST_LOG_DEVICE"; then
  create.result 0 "Important logged"
else
  create.result 1 "Important not found"
fi
expect 0 "Important logged" "important.log outputs at level > 1"

# ============================================================================
# T9: Test debug.log outputs at level > 4
# ============================================================================
export LOG_LEVEL=5
> "$TEST_LOG_DEVICE"

test.case - "T9: debug.log outputs at level 5" \
  debug.log "test debug message"

if grep -q "test debug message" "$TEST_LOG_DEVICE"; then
  create.result 0 "Debug logged"
else
  create.result 1 "Debug not found"
fi
expect 0 "Debug logged" "debug.log outputs at level > 4"

# ============================================================================
# T10: Test debug.log silent at level <= 4
# ============================================================================
export LOG_LEVEL=4
> "$TEST_LOG_DEVICE"

test.case - "T10: debug.log silent at level 4" \
  debug.log "should not appear debug"

if grep -q "should not appear debug" "$TEST_LOG_DEVICE"; then
  create.result 1 "Debug appeared when it shouldn't"
else
  create.result 0 "Correctly silent"
fi
expect 0 "Correctly silent" "debug.log silent at level <= 4"

# ============================================================================
# T11: Test success.log outputs at level > 2
# ============================================================================
export LOG_LEVEL=3
> "$TEST_LOG_DEVICE"

test.case - "T11: success.log outputs at level 3" \
  success.log "test success message"

if grep -q "SUCCESS" "$TEST_LOG_DEVICE"; then
  create.result 0 "Success logged"
else
  create.result 1 "Success not found"
fi
expect 0 "Success logged" "success.log outputs at level > 2"

# ============================================================================
# T12: Test silent.log outputs at level > 2
# ============================================================================
export LOG_LEVEL=3
> "$TEST_LOG_DEVICE"

test.case - "T12: silent.log outputs at level 3" \
  silent.log "test silent message"

if grep -q "test silent message" "$TEST_LOG_DEVICE"; then
  create.result 0 "Silent logged"
else
  create.result 1 "Silent not found"
fi
expect 0 "Silent logged" "silent.log outputs at level > 2"

# ============================================================================
# T13: Test log.live.file sets LOG_LIVE
# ============================================================================
test.case - "T13: log.live.file sets LOG_LIVE" \
  log.live.file "$TEST_LOG_LIVE"

if [ "$LOG_LIVE" = "$TEST_LOG_LIVE" ]; then
  create.result 0 "LOG_LIVE set"
else
  create.result 1 "LOG_LIVE=$LOG_LIVE"
fi
expect 0 "LOG_LIVE set" "log.live.file sets LOG_LIVE correctly"

# ============================================================================
# T14: Test LOG_LIVE output when set
# ============================================================================
export LOG_LIVE="$TEST_LOG_LIVE"
export LOG_LEVEL=3
> "$TEST_LOG_LIVE"

test.case - "T14: LOG_LIVE receives output when set" \
  console.log "live test message"

if grep -q "live test message" "$TEST_LOG_LIVE"; then
  create.result 0 "Live message logged"
else
  create.result 1 "Live message not found"
fi
expect 0 "Live message logged" "LOG_LIVE receives log output"

# ============================================================================
# T15: Test log.clear.liveLog clears file
# ============================================================================
echo "some content to clear" > "$TEST_LOG_LIVE"

test.case - "T15: log.clear.liveLog clears file" \
  log.clear.liveLog "$TEST_LOG_LIVE"

# File should have clear marker but not old content
if grep -q "some content to clear" "$TEST_LOG_LIVE"; then
  create.result 1 "Old content still present"
elif grep -q "clear log" "$TEST_LOG_LIVE"; then
  create.result 0 "File cleared with marker"
else
  create.result 0 "File cleared"
fi
expect 0 "File cleared with marker" "log.clear.liveLog clears file"

# ============================================================================
# T16: Test stop.log outputs at level > 3
# ============================================================================
export LOG_LEVEL=4
> "$TEST_LOG_DEVICE"

# Wrap stop.log to prevent debugger activation:
# stop.log sets STEP_DEBUG=ON, which triggers the DEBUG trap on the next command.
# By wrapping in a subshell-free helper that resets STEP_DEBUG immediately after,
# we prevent the trap from firing before test.suite.save.results.
test.stop.log.safe() {
  stop.log "$@"
  export STEP_DEBUG=OFF
}

test.case - "T16: stop.log outputs at level 4" \
  test.stop.log.safe "test breakpoint"

# Ensure STEP_DEBUG stays off
export STEP_DEBUG=OFF

if grep -q "BREAKPOINT" "$TEST_LOG_DEVICE"; then
  create.result 0 "Breakpoint logged"
else
  create.result 1 "Breakpoint not found"
fi
expect 0 "Breakpoint logged" "stop.log outputs at level > 3"

# ============================================================================
# T17: Test problem.log outputs at level > 1
# ============================================================================
export LOG_LEVEL=2

test.case - "T17: problem.log outputs at level 2" \
  echo "testing problem.log"

OUTPUT=$(problem.log "test problem" 2>&1)
# Reset STEP_DEBUG after problem.log sets it
export STEP_DEBUG=OFF

if echo "$OUTPUT" | grep -q "PROBLEM"; then
  create.result 0 "Problem logged"
else
  create.result 1 "Problem not found: $OUTPUT"
fi
expect 0 "Problem logged" "problem.log outputs at level > 1"

# ============================================================================
# T18: Test error.details.log outputs at level > 0
# ============================================================================
export LOG_LEVEL=1

test.case - "T18: error.details.log outputs at level 1" \
  echo "testing error.details.log"

OUTPUT=$(error.details.log "detailed error info" 2>&1)
if echo "$OUTPUT" | grep -q "detailed error info"; then
  create.result 0 "Details logged"
else
  create.result 1 "Details not found"
fi
expect 0 "Details logged" "error.details.log outputs at level > 0"

# ============================================================================
# T19: Test log.level reset toggles levels
# ============================================================================
export LOG_LEVEL=3
export LOG_LEVEL_RESET=5

test.case - "T19: log.level reset toggles levels" \
  log.level reset

if [ "$LOG_LEVEL" = "5" ] && [ "$LOG_LEVEL_RESET" = "3" ]; then
  create.result 0 "Levels toggled"
else
  create.result 1 "LOG_LEVEL=$LOG_LEVEL, LOG_LEVEL_RESET=$LOG_LEVEL_RESET"
fi
expect 0 "Levels toggled" "log.level reset toggles between levels"

# ============================================================================
# T20: Test test.console.log outputs at level > 0
# ============================================================================
export LOG_LEVEL=1
> "$TEST_LOG_DEVICE"

test.case - "T20: test.console.log outputs at level 1" \
  test.console.log "test console at level 1"

if grep -q "test console at level 1" "$TEST_LOG_DEVICE"; then
  create.result 0 "Test console logged"
else
  create.result 1 "Test console not found"
fi
expect 0 "Test console logged" "test.console.log outputs at level > 0"

# ============================================================================
# T21: Test test.success.log outputs at level > 0
# ============================================================================
export LOG_LEVEL=1

test.case - "T21: test.success.log outputs at level 1" \
  echo "testing test.success.log"

OUTPUT=$(test.success.log "test success at level 1" 2>&1)
if echo "$OUTPUT" | grep -q "SUCCESS"; then
  create.result 0 "Test success logged"
else
  create.result 1 "Test success not found"
fi
expect 0 "Test success logged" "test.success.log outputs at level > 0"

# ============================================================================
# T22: Test log.init.colors loads colors
# ============================================================================
test.case - "T22: log.init.colors loads color config" \
  log.init.colors

# Should not error if CONFIG_PATH is set
if [ -n "$CONFIG_PATH" ]; then
  create.result 0 "Colors initialized"
else
  create.result 1 "CONFIG_PATH not set"
fi
expect 0 "Colors initialized" "log.init.colors loads without error"

# ============================================================================
# T23: Test clear.resultFiles clears result files
# ============================================================================
# $CONFIG_PATH, not a hardcoded ~/config: clear.resultFiles itself operates on
# $CONFIG_PATH. The two only coincided because CONFIG_PATH *was* ~/config, so
# the old form both wrote the shared tier and asserted against the wrong file
# the moment anything moved the anchor.
echo "test content" > "$CONFIG_PATH/result.txt" 2>/dev/null
echo "test error" > "$CONFIG_PATH/error.txt" 2>/dev/null

test.case - "T23: clear.resultFiles clears result files" \
  clear.resultFiles

if [ ! -f "$CONFIG_PATH/result.txt" ] || [ ! -s "$CONFIG_PATH/result.txt" ]; then
  create.result 0 "Result files cleared"
else
  create.result 1 "Result files not cleared"
fi
expect 0 "Result files cleared" "clear.resultFiles removes result/error files"

# ============================================================================
# T24: Test log.install.init creates log file and sets LOG_INSTALL
# ============================================================================
TEST_INSTALL_LOG="/tmp/test.install.log.$$"

test.case - "T24: log.install.init creates log file" \
  log.install.init "$TEST_INSTALL_LOG"

if [ -n "$LOG_INSTALL" ] && [ -f "$LOG_INSTALL" ] && grep -q "OOSH Install Log" "$TEST_INSTALL_LOG"; then
  create.result 0 "Install log created"
else
  create.result 1 "LOG_INSTALL=$LOG_INSTALL, file exists=$([ -f "$TEST_INSTALL_LOG" ] && echo yes || echo no)"
fi
expect 0 "Install log created" "log.install.init creates log file and sets LOG_INSTALL"

# ============================================================================
# T25: Test LOG_INSTALL captures all log functions unconditionally
# ============================================================================
export LOG_LEVEL=1
> "$TEST_INSTALL_LOG"

test.case - "T25: LOG_INSTALL captures all log levels" \
  echo "testing install capture"

console.log "install-capture-console"
silent.log "install-capture-silent"
debug.log "install-capture-debug"
important.log "install-capture-important"
warn.log "install-capture-warn"
error.log "install-capture-error"

capture_count=0
grep -q "CONSOLE:.*install-capture-console" "$TEST_INSTALL_LOG" && ((capture_count++))
grep -q "SILENT:.*install-capture-silent" "$TEST_INSTALL_LOG" && ((capture_count++))
grep -q "DEBUG:.*install-capture-debug" "$TEST_INSTALL_LOG" && ((capture_count++))
grep -q "IMPORTANT:.*install-capture-important" "$TEST_INSTALL_LOG" && ((capture_count++))
grep -q "WARNING:.*install-capture-warn" "$TEST_INSTALL_LOG" && ((capture_count++))
grep -q "ERROR:.*install-capture-error" "$TEST_INSTALL_LOG" && ((capture_count++))

if [ $capture_count -eq 6 ]; then
  create.result 0 "All 6 log types captured"
else
  create.result 1 "Only $capture_count/6 captured"
fi
expect 0 "All 6 log types captured" "LOG_INSTALL captures all log functions at any level"

# ============================================================================
# T26: Test log.install.finish writes summary and unsets LOG_INSTALL
# ============================================================================
test.case - "T26: log.install.finish finalizes log" \
  log.install.finish

if [ -z "$LOG_INSTALL" ] && grep -q "Install completed" "$TEST_INSTALL_LOG"; then
  create.result 0 "Install log finalized"
else
  create.result 1 "LOG_INSTALL=$LOG_INSTALL, completed=$(grep -c 'Install completed' "$TEST_INSTALL_LOG" 2>/dev/null)"
fi
expect 0 "Install log finalized" "log.install.finish writes completion marker and unsets LOG_INSTALL"

# ============================================================================
# T27: Test LOG_INSTALL unset means no file writes
# ============================================================================
unset LOG_INSTALL
TEST_NOLOG="/tmp/test.nolog.$$"
touch "$TEST_NOLOG"

test.case - "T27: no LOG_INSTALL means no file writes" \
  console.log "should-not-be-logged"

if grep -q "should-not-be-logged" "$TEST_NOLOG"; then
  create.result 1 "File was written when it shouldn't have been"
else
  create.result 0 "No spurious writes"
fi
expect 0 "No spurious writes" "unset LOG_INSTALL produces no install log writes"

rm -f "$TEST_INSTALL_LOG" "$TEST_NOLOG" 2>/dev/null

# ============================================================================
# T28: Test log.install outputs install log content
# ============================================================================
TEST_INSTALL_LOG2="/tmp/test.install.log2.$$"
echo "# OOSH Install Log - test" > "$TEST_INSTALL_LOG2"
echo "CONSOLE: test > hello world" >> "$TEST_INSTALL_LOG2"
echo "ERROR: something failed" >> "$TEST_INSTALL_LOG2"
export LOG_INSTALL="$TEST_INSTALL_LOG2"

test.case - "T28: log.install outputs install log content" \
  echo "testing log.install"

OUTPUT=$(log.install 2>/dev/null)
if echo "$OUTPUT" | grep -q "OOSH Install Log" && echo "$OUTPUT" | grep -q "hello world"; then
  create.result 0 "Install log content shown"
else
  create.result 1 "Output: $OUTPUT"
fi
expect 0 "Install log content shown" "log.install outputs the install log content"

# ============================================================================
# T29: Test log.install.errors filters to ERROR lines only
# ============================================================================
test.case - "T29: log.install.errors shows only errors" \
  echo "testing log.install.errors"

OUTPUT=$(log.install.errors 2>/dev/null)
if echo "$OUTPUT" | grep -q "ERROR:" && ! echo "$OUTPUT" | grep -q "CONSOLE:"; then
  create.result 0 "Only errors shown"
else
  create.result 1 "Output: $OUTPUT"
fi
expect 0 "Only errors shown" "log.install.errors filters to ERROR lines only"

# ============================================================================
# T30: Test log.install.live is a function
# ============================================================================
test.case - "T30: log.install.live exists as function" \
  echo "testing log.install.live"

if [ "$(type -t log.install.live)" = "function" ]; then
  create.result 0 "Function exists"
else
  create.result 1 "log.install.live is not a function"
fi
expect 0 "Function exists" "log.install.live is defined as a function"

unset LOG_INSTALL
rm -f "$TEST_INSTALL_LOG2" 2>/dev/null

# ============================================================================
# T31: Test log.start dispatches log. prefix methods (log.level)
# ============================================================================
# `log level 7` calls `config.save log LOG`, persisting LOG_LEVEL=7 to
# ~/config/log.env. T32's subprocess (LOG_LEVEL=1 ... log error ...) then
# sources user.env → log.env in err.log:259-262, clobbering LOG_LEVEL=1
# with the persisted 7. seq.puml.log:130-138 sees LOG_LEVEL>6 and exports
# STEP_DEBUG=ON; debug:step() reads stdin via `read -p` and hangs forever
# when stdin is a tty (ssh -tt platform.test container). Snapshot/restore
# log.env around T31 to prevent the leak.
LOG_ENV_BACKUP="/tmp/test.log.env.backup.$$"
cp "$CONFIG_PATH/log.env" "$LOG_ENV_BACKUP" 2>/dev/null

test.case - "T31: log.start dispatches log. prefix methods" \
  echo "testing dispatch via ./log"

TEST_DISPATCH_LVL="/tmp/test.dispatch.lvl.$$"
> "$TEST_DISPATCH_LVL"
LOG_LEVEL=3 LOG_DEVICE="$TEST_DISPATCH_LVL" $OOSH_DIR/log level 7 2>/dev/null
if grep -q "log level changed to 7" "$TEST_DISPATCH_LVL"; then
  create.result 0 "log.level dispatched"
else
  create.result 1 "device content: $(cat "$TEST_DISPATCH_LVL")"
fi
rm -f "$TEST_DISPATCH_LVL" 2>/dev/null
expect 0 "log.level dispatched" "log.start dispatches log.level correctly"

# Restore log.env BEFORE T32 — T32's subprocess sources user.env which
# sources log.env; if LOG_LEVEL=7 leaks through, T32 hangs on the step
# debugger (see comment block above T31). `mv -f` because some shells
# (e.g. Ubuntu's default `alias mv='mv -i'`) prompt to confirm overwriting
# a read-only mode, which itself hangs the test on a tty.
[ -f "$LOG_ENV_BACKUP" ] && \mv -f "$LOG_ENV_BACKUP" "$CONFIG_PATH/log.env"

# ============================================================================
# T32: Test log.start dispatches .log suffix methods (error.log)
# ============================================================================
TEST_DISPATCH_DEVICE="/tmp/test.dispatch.device.$$"
> "$TEST_DISPATCH_DEVICE"

test.case - "T32: log.start dispatches .log suffix methods" \
  echo "testing suffix dispatch"

LOG_LEVEL=1 LOG_DEVICE="$TEST_DISPATCH_DEVICE" $OOSH_DIR/log error "dispatch test error msg" 2>/dev/null
if grep -q "ERROR" "$TEST_DISPATCH_DEVICE"; then
  create.result 0 "error.log dispatched"
else
  create.result 1 "error.log not dispatched"
fi
expect 0 "error.log dispatched" "log.start dispatches error.log via suffix pattern"

rm -f "$TEST_DISPATCH_DEVICE" 2>/dev/null

# ============================================================================
# T33: Test log.start dispatches sub-methods (log.install.init)
# ============================================================================
TEST_INSTALL_LOG3="/tmp/test.install.log3.$$"

test.case - "T33: log.start dispatches sub-methods" \
  echo "testing sub-method dispatch"

LOG_LEVEL=3 $OOSH_DIR/log install init "$TEST_INSTALL_LOG3" 2>/dev/null
if [ -f "$TEST_INSTALL_LOG3" ] && grep -q "OOSH Install Log" "$TEST_INSTALL_LOG3"; then
  create.result 0 "log.install.init dispatched"
else
  create.result 1 "file exists=$([ -f "$TEST_INSTALL_LOG3" ] && echo yes || echo no)"
fi
expect 0 "log.install.init dispatched" "log.start dispatches log.install.init sub-method"

rm -f "$TEST_INSTALL_LOG3" 2>/dev/null

# ============================================================================
# T34: Test log.live.file without args outputs current LOG_LIVE path
# ============================================================================
TEST_LIVE_PATH="/tmp/test.live.file.$$"
export LOG_LIVE="$TEST_LIVE_PATH"

test.case - "T34: log.live.file without args shows current file" \
  echo "testing log.live.file no args"

OUTPUT=$(log.live.file 2>/dev/null)
if [ "$OUTPUT" = "$TEST_LIVE_PATH" ]; then
  create.result 0 "Shows current file"
else
  create.result 1 "Output: '$OUTPUT', expected: '$TEST_LIVE_PATH'"
fi
expect 0 "Shows current file" "log.live.file without args outputs LOG_LIVE path"

rm -f "$TEST_LIVE_PATH" 2>/dev/null

# ============================================================================
# T35: Test log.live.panes exists as function
# ============================================================================
test.case - "T35: log.live.panes exists as function" \
  echo "testing log.live.panes"

if [ "$(type -t log.live.panes)" = "function" ]; then
  create.result 0 "Function exists"
else
  create.result 1 "log.live.panes is not a function"
fi
expect 0 "Function exists" "log.live.panes is defined as a function"

# ============================================================================
# T36: Test log.live.panes.stop exists as function
# ============================================================================
test.case - "T36: log.live.panes.stop exists as function" \
  echo "testing log.live.panes.stop"

if [ "$(type -t log.live.panes.stop)" = "function" ]; then
  create.result 0 "Function exists"
else
  create.result 1 "log.live.panes.stop is not a function"
fi
expect 0 "Function exists" "log.live.panes.stop is defined as a function"

# ============================================================================
# T37: Test log.live.panes.stop handles missing session gracefully
# ============================================================================
test.case - "T37: log.live.panes.stop handles missing session" \
  echo "testing stop with no session"

# Kill ooshlog if it exists from a previous run
tmux kill-session -t ooshlog 2>/dev/null
log.live.panes.stop 2>/dev/null
create.result $? "Ran without error"
expect 0 "Ran without error" "log.live.panes.stop handles missing session gracefully"

# ============================================================================
# T38: Test log.live.result.txt function exists
# ============================================================================
test.log.liveResultTxtExists() {
  if [ "$(type -t log.live.result.txt)" = "function" ]; then
    create.result 0 "Function exists"
  else
    create.result 1 "log.live.result.txt is not a function"
  fi
}
test.case - "T38: log.live.result.txt function exists" \
  test.log.liveResultTxtExists
expect 0 "Function exists" "log.live.result.txt is defined as a function"

# ============================================================================
# T39: Test log.live.result.env function exists
# ============================================================================
test.log.liveResultEnvExists() {
  if [ "$(type -t log.live.result.env)" = "function" ]; then
    create.result 0 "Function exists"
  else
    create.result 1 "log.live.result.env is not a function"
  fi
}
test.case - "T39: log.live.result.env function exists" \
  test.log.liveResultEnvExists
expect 0 "Function exists" "log.live.result.env is defined as a function"

# ============================================================================
# T40: Test log.live.result.txt tails ~/config/result.txt
# ============================================================================
test.case - "T40: log.live.result.txt tails result.txt" \
  echo "testing log.live.result.txt body"

FUNC_BODY=$(declare -f log.live.result.txt)
if echo "$FUNC_BODY" | grep -q 'tail -f.*result\.txt'; then
  create.result 0 "Tails result.txt"
else
  create.result 1 "Body: $FUNC_BODY"
fi
expect 0 "Tails result.txt" "log.live.result.txt tails ~/config/result.txt"

# ============================================================================
# T41: Test log.live.result.env tails ~/config/result.env
# ============================================================================
test.case - "T41: log.live.result.env tails result.env" \
  echo "testing log.live.result.env body"

FUNC_BODY=$(declare -f log.live.result.env)
if echo "$FUNC_BODY" | grep -q 'tail -f.*result\.env'; then
  create.result 0 "Tails result.env"
else
  create.result 1 "Body: $FUNC_BODY"
fi
expect 0 "Tails result.env" "log.live.result.env tails ~/config/result.env"

# ============================================================================
# T42: Test log.live.panes creates ooshlog session
# ============================================================================
test.case - "T42: log.live.panes creates ooshlog session" \
  echo "testing log.live.panes session creation"

if ! command -v tmux &>/dev/null; then
  create.result 0 "skipped (tmux not available)"
  expect 0 "skipped (tmux not available)" "log.live.panes creates ooshlog session"
else
  # tmux refuses to start when TERM is unset or "unknown" (e.g. shells reached
  # via `sudo su` that strip the env). Fall back to a known-good value.
  if [ -z "$TERM" ] || [ "$TERM" = "unknown" ]; then
    export TERM=xterm-256color
  fi

  # Ensure clean state
  tmux kill-session -t ooshlog 2>/dev/null

  # Run log.live.panes in background (it tries to attach, so we detach)
  # We replicate the session-creation logic without attach to test safely
  (
    export TMUX=""  # Prevent "sessions should be nested" error
    log.live.panes &>/dev/null &
    PANES_PID=$!
    sleep 3
    kill $PANES_PID 2>/dev/null
  )
  sleep 1

  if tmux has-session -t ooshlog 2>/dev/null; then
    create.result 0 "ooshlog session created"
    tmux kill-session -t ooshlog 2>/dev/null
  else
    create.result 1 "ooshlog session not found"
  fi
  expect 0 "ooshlog session created" "log.live.panes creates ooshlog session"
fi

# ============================================================================
# T43: Test log.live.panes has 4-pane layout (3 split-window calls)
# ============================================================================
test.case - "T43: log.live.panes has 4-pane layout" \
  echo "testing log.live.panes split-window count"

FUNC_BODY=$(declare -f log.live.panes)
SPLIT_COUNT=$(echo "$FUNC_BODY" | grep -c 'split-window')
if [ "$SPLIT_COUNT" -eq 3 ]; then
  create.result 0 "3 split-window calls found"
else
  create.result 1 "Expected 3 split-window calls, found $SPLIT_COUNT"
fi
expect 0 "3 split-window calls found" "log.live.panes creates 4 panes via 3 split-windows"

# ============================================================================
# T44: Test log.install.init creates log file at custom path
# ============================================================================
TEST_CUSTOM_INSTALL="/tmp/test.custom.install.$$"
rm -f "$TEST_CUSTOM_INSTALL" 2>/dev/null

test.case - "T44: log.install.init creates log file at custom path" \
  log.install.init "$TEST_CUSTOM_INSTALL"

if [ -f "$TEST_CUSTOM_INSTALL" ]; then
  create.result 0 "File created at custom path"
else
  create.result 1 "File not found at $TEST_CUSTOM_INSTALL"
fi
expect 0 "File created at custom path" "log.install.init creates log file at custom path"

# ============================================================================
# T45: Test log.install captures all log levels
# ============================================================================
export LOG_LEVEL=1
> "$TEST_CUSTOM_INSTALL"
echo "# OOSH Install Log - test" > "$TEST_CUSTOM_INSTALL"
export LOG_INSTALL="$TEST_CUSTOM_INSTALL"

test.case - "T45: log.install captures all log levels" \
  echo "testing install capture at custom path"

console.log "t45-console-msg"
silent.log "t45-silent-msg"
debug.log "t45-debug-msg"
important.log "t45-important-msg"
warn.log "t45-warn-msg"
error.log "t45-error-msg"

T45_COUNT=0
grep -q "CONSOLE:.*t45-console-msg" "$TEST_CUSTOM_INSTALL" && ((T45_COUNT++))
grep -q "SILENT:.*t45-silent-msg" "$TEST_CUSTOM_INSTALL" && ((T45_COUNT++))
grep -q "DEBUG:.*t45-debug-msg" "$TEST_CUSTOM_INSTALL" && ((T45_COUNT++))
grep -q "IMPORTANT:.*t45-important-msg" "$TEST_CUSTOM_INSTALL" && ((T45_COUNT++))
grep -q "WARNING:.*t45-warn-msg" "$TEST_CUSTOM_INSTALL" && ((T45_COUNT++))
grep -q "ERROR:.*t45-error-msg" "$TEST_CUSTOM_INSTALL" && ((T45_COUNT++))

if [ $T45_COUNT -eq 6 ]; then
  create.result 0 "All 6 log types captured"
else
  create.result 1 "Only $T45_COUNT/6 captured in $TEST_CUSTOM_INSTALL"
fi
expect 0 "All 6 log types captured" "log.install captures all log levels at custom path"

unset LOG_INSTALL
rm -f "$TEST_CUSTOM_INSTALL" 2>/dev/null

# ============================================================================
# T46: Test LOG_NAME defaults to user@host (underscore family, NOT system LOGNAME)
# ============================================================================
test.case - "T46: LOG_NAME looks like user@host" \
  echo "testing LOG_NAME shape"

if [[ "$LOG_NAME" == *@* ]]; then
  create.result 0 "LOG_NAME=$LOG_NAME"
else
  create.result 1 "LOG_NAME=$LOG_NAME (expected user@host)"
fi
expect 0 "LOG_NAME=$LOG_NAME" "LOG_NAME defaults to user@host"

# ============================================================================
# T47: Test log.name without args shows LOG_NAME, with arg sets it
# ============================================================================
test.case - "T47: log.name gets and sets LOG_NAME" \
  echo "testing log.name getter/setter"

SAVED_LOG_NAME=$LOG_NAME
GET_OUT=$(log.name 2>/dev/null)
log.name "ci-run@testhost" >/dev/null 2>&1
if [ "$GET_OUT" = "$SAVED_LOG_NAME" ] && [ "$LOG_NAME" = "ci-run@testhost" ]; then
  create.result 0 "get and set work"
else
  create.result 1 "get='$GET_OUT' (expected '$SAVED_LOG_NAME'), set LOG_NAME='$LOG_NAME'"
fi
export LOG_NAME=$SAVED_LOG_NAME
expect 0 "get and set work" "log.name shows and sets LOG_NAME"

# ============================================================================
# T48: Test log.session.save writes the 3 vars and NOT system LOGNAME
# ============================================================================
test.case - "T48: log.session.save writes LOG_NAME/LOG_DEVICE/LOG_LIVE, no LOGNAME" \
  log.session.save

SESSION_BODY=$(cat "$SESSION_ENV" 2>/dev/null)
if echo "$SESSION_BODY" | grep -q "^export LOG_NAME=" \
   && echo "$SESSION_BODY" | grep -q "^export LOG_DEVICE=" \
   && echo "$SESSION_BODY" | grep -q "^export LOG_LIVE=" \
   && ! echo "$SESSION_BODY" | grep -qE "^export LOGNAME="; then
  create.result 0 "3 vars present, no LOGNAME"
else
  create.result 1 "Body: $SESSION_BODY"
fi
expect 0 "3 vars present, no LOGNAME" "log.session.save persists the 3 LOG_ vars and never the system LOGNAME"

# ============================================================================
# T49: Test LOG_LIVE resolves under the per-user ~/.config/oosh (not shared ~/config)
# ============================================================================
test.case - "T49: LOG_LIVE is per-user under ~/.config/oosh" \
  echo "testing LOG_LIVE relocation"

# log.live() default must anchor under the per-user dir $HOME/.config/oosh (the
# variable that used to name it is gone, T44). Assert the dir and the file.
DEFAULT_BODY=$(declare -f log.live)
if echo "$DEFAULT_BODY" | grep -qF '$HOME/.config/oosh' \
   && echo "$DEFAULT_BODY" | grep -q 'log\.live\.out'; then
  create.result 0 "LOG_LIVE default under \$HOME/.config/oosh"
else
  create.result 1 "log.live default not relocated: $DEFAULT_BODY"
fi
expect 0 "LOG_LIVE default under \$HOME/.config/oosh" "LOG_LIVE default lives under the per-user \$HOME/.config/oosh"

# ============================================================================
# T50: the LIVE terminal wins over a stale chained LOG_DEVICE (needs a pty)
# ============================================================================
# LOG_DEVICE is loaded from the chained log.session.env (a PREVIOUS session's
# tty, still writable because same-user). With a controlling terminal attached,
# log's top-level must re-derive LOG_DEVICE to the CURRENT tty, or every new
# shell would log onto the first terminal. Verified under a real pty via script.
test.log.liveTtyWinsOverStale() {
  # (1) a STALE terminal path (a previous session's pts) must be refreshed to the
  #     live tty; (2) an EXPLICIT non-terminal device (capture file) must be kept
  #     (this is what T31/T32's `LOG_DEVICE=/tmp/… log …` rely on under a tty).
  local capfile="/tmp/test.log.cap.$$"; : > "$capfile"
  local probe="/tmp/test.log.probe.$$"
  # The probe goes in a FILE, and `script` is told to run it with BASH.
  #
  # `script -qec <command>` does not guarantee which shell runs <command>, and
  # the command below MUST be bash: `log` uses dotted function names, so it can
  # only be sourced by bash, and `source` itself is a bashism. On a host where
  # `script` picked /bin/sh (dash) this failed with `sh: 1: source: not found`
  # — the probe never sourced `log` at all, LOG_DEVICE was never refreshed, and
  # the test reported the D4 guard broken WHILE THE GUARD WAS FINE. Measured in
  # an Ubuntu 24.04 container 2026-09-17; the same script version on the host
  # picked bash and passed, which is why it looked like a container bug.
  #
  # A file rather than a nested quoted string: this is three levels of quoting
  # (test → script → shell) and the previous one-liner was already at the limit.
  cat > "$probe" <<PROBE
export LOG_DEVICE=/dev/pts/999
source '$OOSH_DIR/log' >/dev/null 2>&1
[ "\$LOG_DEVICE" = "\$(tty)" ] && echo STALE_REFRESHED
export LOG_DEVICE='$capfile'
source '$OOSH_DIR/log' >/dev/null 2>&1
[ "\$LOG_DEVICE" = '$capfile' ] && echo FILE_KEPT
PROBE
  local out
  out=$(script -qec "bash $probe" /dev/null 2>/dev/null | tr -d '\r')
  rm -f "$probe"
  rm -f "$capfile"
  if echo "$out" | grep -q STALE_REFRESHED && echo "$out" | grep -q FILE_KEPT; then
    create.result 0 "stale terminal refreshed, explicit file kept"
  else
    create.result 1 "D4 guard wrong: $out"
  fi
}
# Skip-guard OUTSIDE the case (docs/python.md § Tests that exercise the Python
# paths): needs util-linux `script -qec` for a pty. Inside the function the
# skip returned a string the expect does not match, so it was scored as a
# FAIL on the alpine platform run (2026-09-15).
# portability-exception: this is the CAPABILITY PROBE for util-linux `script`,
# not a use of it to run test code — the command is the shell builtin `true`,
# so which shell runs it cannot matter. BSD/macOS `script` has no -e/-c, so the
# probe fails there and T50 skips, which is the portable outcome.
if command -v script >/dev/null 2>&1 && script -qec 'true' /dev/null >/dev/null 2>&1; then
test.case - "T50: live terminal wins over stale LOG_DEVICE, explicit file respected" \
  test.log.liveTtyWinsOverStale
expect 0 "stale terminal refreshed, explicit file kept" \
  "log refreshes a stale terminal device but respects an explicit non-terminal one"
else
  expect.pass "T50 skipped: no util-linux script / pty on this host"
fi

# ============================================================================
# Cleanup
# ============================================================================
cleanup.testFiles


console.log "
Test 1 
===================================================================="

# T-LOG-TERMINAL: one list of terminal-type devices — fd1/stdout, fd2/stderr,
# the tty, unset — shared by private.log.emit and log.device.
test.log.deviceIsTerminal() {
  local bad="" d
  for d in "" /dev/stdout /dev/stderr /proc/self/fd/1 /dev/fd/1 /proc/self/fd/2 /dev/fd/2 /dev/tty; do
    private.log.device.is.terminal "$d" || bad="$bad [$d]-not-terminal"
  done
  private.log.device.is.terminal "/tmp/some.log" && bad="$bad file-called-terminal"
  [ -z "$bad" ] && create.result 0 "terminal-type devices recognised, a file is not" || create.result 1 "terminal:$bad"
  return $(result)
}
test.case - "T-LOG-TERMINAL: private.log.device.is.terminal knows every terminal-type device and no file" test.log.deviceIsTerminal
expect 0 "terminal-type devices recognised, a file is not" "one list for the emitter and log.device"


console.log "
Test 1 
===================================================================="

# T-LOG-EMIT: a log line never lands on stdout (#41 / c0e6036, lost in the dev
# rebuild): a terminal-type LOG_DEVICE is written to fd2 by DUP (no reopen —
# the su- EACCES), a file LOG_DEVICE is appended to. So `$(anything)` captures
# only what a command prints on purpose (BUG5 — param-env contamination).
test.log.emitNeverStdout() {
  local bad="" out f="$TEST_LOG_DEVICE.emit"
  out=$( { LOG_DEVICE=/proc/self/fd/1; LOG_LEVEL=3
           console.log "emit-console"; warn.log "emit-warn"; important.log "emit-important"
           success.log "emit-success"; error.log "emit-error"; } 2>"$f.err" )
  [ -z "$out" ] || bad="$bad stdout=[$(printf '%s' "$out" | tr '\n' ' ')]"
  grep -q 'emit-console' "$f.err" 2>/dev/null || bad="$bad console-not-on-stderr"
  grep -q 'emit-warn' "$f.err" 2>/dev/null || bad="$bad warn-not-on-stderr"
  ( LOG_DEVICE="$f"; LOG_LEVEL=3; : > "$f"; console.log "emit-file" ) 2>/dev/null
  grep -q 'emit-file' "$f" 2>/dev/null || bad="$bad file-not-appended"
  rm -f "$f" "$f.err"
  [ -z "$bad" ] && create.result 0 "log lines go to stderr or the device file, never stdout" || create.result 1 "emit:$bad"
  return $(result)
}
test.case - "T-LOG-EMIT: console/warn/important/success/error.log never write to stdout" test.log.emitNeverStdout
expect 0 "log lines go to stderr or the device file, never stdout" "a log line inside \$(…) contaminated the captured value"


console.log "
Test 1 
===================================================================="

# T-LOG-CAPTURE: the fd1/fd2 spellings — never probed (a probe of fd1 is the
# #41 leak into $()); /dev/tty and files are probed by private.log.device.probe.
test.log.deviceIsCapture() {
  local bad="" d
  for d in /dev/stdout /proc/self/fd/1 /dev/fd/1 /dev/stderr /proc/self/fd/2 /dev/fd/2; do
    private.log.device.is.capture "$d" || bad="$bad [$d]-not-capture"
  done
  for d in "" /dev/tty /tmp/some.log; do
    private.log.device.is.capture "$d" && bad="$bad [$d]-called-capture"
  done
  [ -z "$bad" ] && create.result 0 "fd1/fd2 spellings are capture devices; tty, files and unset are not" || create.result 1 "capture:$bad"
  return $(result)
}
test.case - "T-LOG-CAPTURE: private.log.device.is.capture knows the fd1/fd2 spellings and nothing else" test.log.deviceIsCapture
expect 0 "fd1/fd2 spellings are capture devices; tty, files and unset are not" "the probe must skip exactly the devices whose probe would leak or cannot fail"


console.log "
Test 1 
===================================================================="

# T-LOG-DEVICE-PROBE: one probe for log.device and log.init — a device that
# cannot be opened (/dev/tty with no controlling terminal, an unwritable file)
# falls back to /dev/stderr; a capture spelling is left alone; a writable file
# is kept and gets NO probe line written into it.
test.log.deviceProbe() {
  local bad="" got f="$TEST_LOG_DEVICE.probe"
  got=$(env -i PATH="$PATH" HOME="$HOME" OOSH_DIR="$OOSH_DIR" LOG_LEVEL=1 \
        setsid bash -c "source \"$OOSH_DIR/log\" >/dev/null 2>&1; LOG_DEVICE=/dev/tty; private.log.device.probe 2>/dev/null; echo \"\$LOG_DEVICE\"" </dev/null 2>/dev/null)
  [ "$got" = /dev/stderr ] || bad="$bad tty-without-terminal=[$got]"
  got=$( LOG_DEVICE="$TEST_LOG_DEVICE.nodir/x"; private.log.device.probe 2>/dev/null; echo "$LOG_DEVICE" )
  [ "$got" = /dev/stderr ] || bad="$bad unwritable-file=[$got]"
  got=$( LOG_DEVICE=/proc/self/fd/1; private.log.device.probe; echo "$LOG_DEVICE" )
  [ "$got" = /proc/self/fd/1 ] || bad="$bad capture-changed=[$got]"
  : > "$f"; ( LOG_DEVICE="$f"; private.log.device.probe )
  [ -s "$f" ] && bad="$bad probe-wrote-into-file"
  got=$( LOG_LEVEL= LOG_DEVICE=/proc/self/fd/1 log.init 3 2>/dev/null )
  [ -z "$got" ] || bad="$bad log.init-stdout=[$got]"
  rm -f "$f"
  [ -z "$bad" ] && create.result 0 "unopenable devices fall back to stderr; capture and file devices are kept, silently" || create.result 1 "probe:$bad"
  return $(result)
}
test.case - "T-LOG-DEVICE-PROBE: private.log.device.probe falls back to /dev/stderr only for a device that cannot be opened; log.init prints nothing to stdout" test.log.deviceProbe
expect 0 "unopenable devices fall back to stderr; capture and file devices are kept, silently" "log device kept /dev/tty off-tty, and log.init still probed fd1"

# T-LOG-DEVICE-ONE: exactly one log.device, and `log device <file>` sets it
# without persisting or recursing into config save.
test.log.deviceOne() {
  local bad="" n f="$TEST_LOG_DEVICE.one"
  n=$(grep -cE "^log\.device\(\)" "$OOSH_DIR/log"); [ "$n" = 1 ] || bad="$bad definitions=$n"
  ( config() { echo "CONFIG-CALLED $*"; }; this.call() { echo "THIS-CALL $*"; }
    log.device "$f" 2>/dev/null | grep -qE "CALLED|THIS-CALL" ) && bad="$bad recursed-into-config"
  rm -f "$f"
  [ -z "$bad" ] && create.result 0 "one log.device; no config save recursion" || create.result 1 "one:$bad"
  return $(result)
}
test.case - "T-LOG-DEVICE-ONE: log.device is defined once and no longer recurses into config save" test.log.deviceOne
expect 0 "one log.device; no config save recursion" "a second definition overrode the first on every source"


### test.method

test.suite.save.results
